  WindowsProject1.cpp
C:\Users\cdtt3\source\repos\WindowsProject1\WindowsProject1.cpp(188,33): warning C4267: инициализация: преобразование из "size_t" в "int"; возможна потеря данных
C:\Users\cdtt3\source\repos\WindowsProject1\WindowsProject1.cpp(203,75): warning C4267: инициализация: преобразование из "size_t" в "int"; возможна потеря данных
C:\Users\cdtt3\source\repos\WindowsProject1\WindowsProject1.cpp(211,60): warning C4267: аргумент: преобразование из "size_t" в "int"; возможна потеря данных
C:\Users\cdtt3\source\repos\WindowsProject1\WindowsProject1.cpp(218,58): warning C4267: аргумент: преобразование из "size_t" в "int"; возможна потеря данных
C:\Users\cdtt3\source\repos\WindowsProject1\WindowsProject1.cpp(335,27): warning C4244: инициализация: преобразование "LRESULT" в "int", возможна потеря данных
C:\Users\cdtt3\source\repos\WindowsProject1\WindowsProject1.cpp(381,27): warning C4244: инициализация: преобразование "LRESULT" в "int", возможна потеря данных
C:\Users\cdtt3\source\repos\WindowsProject1\WindowsProject1.cpp(429,27): warning C4244: инициализация: преобразование "LRESULT" в "int", возможна потеря данных
C:\Users\cdtt3\source\repos\WindowsProject1\WindowsProject1.cpp(506,27): warning C4244: инициализация: преобразование "LRESULT" в "int", возможна потеря данных
C:\Users\cdtt3\source\repos\WindowsProject1\WindowsProject1.cpp(516,40): warning C4244: =: преобразование "LRESULT" в "int", возможна потеря данных
C:\Users\cdtt3\source\repos\WindowsProject1\WindowsProject1.cpp(546,27): warning C4244: инициализация: преобразование "LRESULT" в "int", возможна потеря данных
C:\Users\cdtt3\source\repos\WindowsProject1\WindowsProject1.cpp(560,23): warning C4244: инициализация: преобразование "LRESULT" в "int", возможна потеря данных
C:\Users\cdtt3\source\repos\WindowsProject1\WindowsProject1.cpp(483,15): warning C4101: selectedItems: неиспользованная локальная переменная
C:\Users\cdtt3\source\repos\WindowsProject1\WindowsProject1.cpp(607,31): warning C4244: инициализация: преобразование "LRESULT" в "int", возможна потеря данных
C:\Users\cdtt3\source\repos\WindowsProject1\WindowsProject1.cpp(620,32): warning C4244: инициализация: преобразование "LRESULT" в "int", возможна потеря данных
C:\Users\cdtt3\source\repos\WindowsProject1\WindowsProject1.cpp(621,32): warning C4244: инициализация: преобразование "LRESULT" в "int", возможна потеря данных
C:\Users\cdtt3\source\repos\WindowsProject1\WindowsProject1.cpp(826,1): warning C4267: аргумент: преобразование из "size_t" в "int"; возможна потеря данных
C:\Users\cdtt3\source\repos\WindowsProject1\WindowsProject1.cpp(1015,23): warning C4244: инициализация: преобразование "LRESULT" в "int", возможна потеря данных
C:\Users\cdtt3\source\repos\WindowsProject1\WindowsProject1.cpp(1025,19): warning C4244: инициализация: преобразование "LRESULT" в "int", возможна потеря данных
C:\Users\cdtt3\source\repos\WindowsProject1\WindowsProject1.cpp(1086,23): warning C4244: инициализация: преобразование "LRESULT" в "int", возможна потеря данных
C:\Users\cdtt3\source\repos\WindowsProject1\WindowsProject1.cpp(1096,23): warning C4244: инициализация: преобразование "LRESULT" в "int", возможна потеря данных
C:\Users\cdtt3\source\repos\WindowsProject1\WindowsProject1.cpp(1160,23): warning C4244: инициализация: преобразование "LRESULT" в "int", возможна потеря данных
C:\Users\cdtt3\source\repos\WindowsProject1\WindowsProject1.cpp(1162,28): warning C4244: инициализация: преобразование "LRESULT" в "int", возможна потеря данных
C:\Users\cdtt3\source\repos\WindowsProject1\WindowsProject1.cpp(1181,27): warning C4244: инициализация: преобразование "LRESULT" в "int", возможна потеря данных
C:\Users\cdtt3\source\repos\WindowsProject1\WindowsProject1.cpp(1196,23): warning C4244: инициализация: преобразование "LRESULT" в "int", возможна потеря данных
C:\Users\cdtt3\source\repos\WindowsProject1\WindowsProject1.cpp(1266,27): warning C4244: инициализация: преобразование "LRESULT" в "int", возможна потеря данных
C:\Users\cdtt3\source\repos\WindowsProject1\WindowsProject1.cpp(1270,31): warning C4244: инициализация: преобразование "LRESULT" в "int", возможна потеря данных
C:\Users\cdtt3\source\repos\WindowsProject1\WindowsProject1.cpp(1288,23): warning C4244: инициализация: преобразование "LRESULT" в "int", возможна потеря данных
C:\Users\cdtt3\source\repos\WindowsProject1\WindowsProject1.cpp(1360,27): warning C4244: инициализация: преобразование "LRESULT" в "int", возможна потеря данных
C:\Users\cdtt3\source\repos\WindowsProject1\WindowsProject1.cpp(1364,31): warning C4244: инициализация: преобразование "LRESULT" в "int", возможна потеря данных
C:\Users\cdtt3\source\repos\WindowsProject1\WindowsProject1.cpp(1380,23): warning C4244: инициализация: преобразование "LRESULT" в "int", возможна потеря данных
C:\Users\cdtt3\source\repos\WindowsProject1\WindowsProject1.cpp(1562,1): warning C4267: аргумент: преобразование из "size_t" в "int"; возможна потеря данных
C:\Users\cdtt3\source\repos\WindowsProject1\WindowsProject1.cpp(1573,1): warning C4267: аргумент: преобразование из "size_t" в "int"; возможна потеря данных
  WindowsProject1.vcxproj -> C:\Users\cdtt3\source\repos\WindowsProject1\x64\Debug\WindowsProject1.exe
